forget=40 retain=80 pairs=360
  [implanted             ] forget=0.925 retain=1.000  (f: direct=0.93 para=0.93 canary=0.93)
Consider using tensor.detach() first. (Triggered internally at C:\actions-runner\_work\pytorch\pytorch\pytorch\torch\csrc\autograd\generated\python_variable_methods.cpp:837.)
  tot += float(loss); k += 1

[unlearn GA]
    GA-forget ep2/4 loss=-0.0251 (3s)
    GA-forget ep4/4 loss=-0.1517 (5s)
    GA-retain ep1/1 loss=0.0003 (3s)
  [GA_unlearned          ] forget=0.308 retain=1.000  (f: direct=0.33 para=0.28 canary=0.33)
  [GA_quant8bit          ] forget=0.317 retain=1.000  (f: direct=0.33 para=0.28 canary=0.35)
  [GA_quant4bit          ] forget=0.950 retain=0.975  (f: direct=0.95 para=0.95 canary=0.95)

[unlearn NPO]
    NPO-forget ep2/4 loss=13.3389 (3s)
    NPO-forget ep4/4 loss=1.0287 (5s)
    NPO-retain ep1/1 loss=29.9238 (3s)
  [NPO_unlearned         ] forget=0.000 retain=0.000  (f: direct=0.00 para=0.00 canary=0.00)
  [NPO_quant8bit         ] forget=0.000 retain=0.000  (f: direct=0.00 para=0.00 canary=0.00)
  [NPO_quant4bit         ] forget=0.000 retain=0.000  (f: direct=0.00 para=0.00 canary=0.00)
We detected that you are passing `past_key_values` as a tuple and this is deprecated and will be removed in v4.43. Please use an appropriate `Cache` class (https://huggingface.co/docs/transformers/v4.41.3/en/internal/generation_utils#transformers.Cache)

[unlearn KLrand]
    KLrand-forget ep2/4 loss=1.7467 (3s)
    KLrand-forget ep4/4 loss=0.2732 (6s)
    KLrand-retain ep1/1 loss=5.4322 (3s)
  [KLrand_unlearned      ] forget=0.000 retain=0.000  (f: direct=0.00 para=0.00 canary=0.00)
  [KLrand_quant8bit      ] forget=0.000 retain=0.000  (f: direct=0.00 para=0.00 canary=0.00)
  [KLrand_quant4bit      ] forget=0.000 retain=0.000  (f: direct=0.00 para=0.00 canary=0.00)

=== 汇总: forget_recall 越高 = 遗忘越失效 ===
  base                     forget=0.000  retain=0.000
  implanted                forget=0.925  retain=1.000
  GA_unlearned             forget=0.308  retain=1.000
  GA_quant8bit             forget=0.317  retain=1.000
  GA_quant4bit             forget=0.950  retain=0.975
  NPO_unlearned            forget=0.000  retain=0.000
  NPO_quant8bit            forget=0.000  retain=0.000
  NPO_quant4bit            forget=0.000  retain=0.000
  KLrand_unlearned         forget=0.000  retain=0.000
  KLrand_quant8bit         forget=0.000  retain=0.000
  KLrand_quant4bit         forget=0.000  retain=0.000
