已载入官方 ip_ppl（逐字，未转写）
forget=40 retain=80 nonmember=40
[shadow OUT] base + retain-only 微调（与植入同配方 AdamW/30ep/1e-4）
    shadow ep10/30 loss=0.0596
    shadow ep20/30 loss=0.0002
    shadow ep30/30 loss=0.0001
We detected that you are passing `past_key_values` as a tuple and this is deprecated and will be removed in v4.43. Please use an appropriate `Cache` class (https://huggingface.co/docs/transformers/v4.41.3/en/internal/generation_utils#transformers.Cache)
Consider using tensor.detach() first. (Triggered internally at C:\actions-runner\_work\pytorch\pytorch\pytorch\torch\csrc\autograd\generated\python_variable_methods.cpp:837.)
  ref_lp[f'{r["id"]}|{s}'] = float(seq_logprob(m0, inp, att, lab))
[unlearn GA] 4ep forget + 1ep retain（与 E5/E6 顺序配方一致）
    GA-forget ep4/4 loss=-0.1766
    GA-retain ep1/1 loss=0.0002
[unlearn NPO] 4ep forget + 1ep retain（与 E5/E6 顺序配方一致）
    NPO-forget ep4/4 loss=0.2807
    NPO-retain ep1/1 loss=54.1150
C:\Users\caotianshuo\AppData\Local\Programs\Python\Python312\Lib\site-packages\scipy\stats\_continuous_distns.py:4340: RuntimeWarning: overflow encountered in exp
  return np.exp(-np.exp(-x))

[NLL] 计算各模型在 forget / nonmember 上的逐样本 NLL
  implanted(IN)  forget NLL mean=0.0165  nonmember NLL mean=7.6220
  shadow(OUT)    forget NLL mean=10.3353  nonmember NLL mean=13.5021
  GA             forget NLL mean=0.3147  nonmember NLL mean=8.1171
  NPO            forget NLL mean=45.1797  nonmember NLL mean=45.2475

==============================================================================
模型         MIA AUC   MIA Score     IAM 均值    IAM 中位  真值(canary 召回)
------------------------------------------------------------------------------
implanted(IN)    1.0000      0.0000     0.9967    0.9970   0.925
GA          1.0000      0.0000     0.8566    0.8541   0.308
NPO         0.4506      0.9012     0.0000    0.0000   0.000

==============================================================================
判读
==============================================================================
真值：NPO(召回 0.000) 比 GA(召回 0.308) 忘得更彻底
IAM 排序正确：NPO 0.0000 < GA 0.8566
MIA 排序正确：|AUC-0.5| NPO 0.0494 < GA 0.5000

=> E9 不成立：两把尺子都排对了。攻击 e 应放弃或改设计。
