载入植入模型（遗忘前基准）...
线性层数 168

分析 GA ...
分析 NPO ...

==============================================================================
量                                       GA             NPO      NPO/GA
------------------------------------------------------------------------------
δ 幅值
  median|δ|                      0.000e+00       0.000e+00         inf
  mean|δ|                        2.757e-05       1.208e-04         4.4

P1  δ 相对量化 bin 宽度（越小=越易被舍入抹掉）
  median|δ|/bin(8bit)            0.000e+00       0.000e+00         inf
  median|δ|/bin(4bit)            0.000e+00       0.000e+00         inf

P2  δ 质量落在会被剪掉的权重上的比例（越高=越易被剪枝删掉）
  sparsity 0.2                      1.0000          0.6706         0.7
  sparsity 0.3                      1.0000          0.8981         0.9

==============================================================================
判读（判据为脚本头部预先写定）
==============================================================================
真值：GA 极脆(4bit +0.633、20%剪枝 +0.658)；NPO 全稳(0.000 不动)

P1 不成立：NPO 的 δ/bin(4bit)=0.000e+00 <= GA 的 0.000e+00（倍数 inf×）
P2 成立：GA 的剪枝损失质量比=1.0000 > NPO 的 0.6706

=> 仅一条成立。解释成立一半，需再设计判别实验，不可当作已证。

逐层数据：D:/ky/_exp/delta/delta_analysis.json
